\BOOKMARK [0][-]{section*.1}{\376\377\000D\000E\000C\000L\000A\000R\000A\000T\000I\000O\000N}{}% 1
\BOOKMARK [0][-]{section*.2}{\376\377\000A\000B\000S\000T\000R\000A\000C\000T}{}% 2
\BOOKMARK [0][-]{section*.4}{\376\377\000A\000C\000K\000N\000O\000W\000L\000E\000D\000G\000E\000M\000E\000N\000T\000S}{}% 3
\BOOKMARK [0][-]{section*.5}{\376\377\000T\000A\000B\000L\000E\000\040\000O\000F\000\040\000C\000O\000N\000T\000E\000N\000T\000S}{}% 4
\BOOKMARK [0][-]{chapter*.7}{\376\377\000L\000I\000S\000T\000\040\000O\000F\000\040\000F\000I\000G\000U\000R\000E\000S}{}% 5
\BOOKMARK [0][-]{chapter*.9}{\376\377\000L\000I\000S\000T\000\040\000O\000F\000\040\000T\000A\000B\000L\000E\000S}{}% 6
\BOOKMARK [0][-]{chapter*.11}{\376\377\000L\000I\000S\000T\000\040\000O\000F\000\040\000A\000B\000B\000R\000E\000V\000I\000A\000T\000I\000O\000N\000S}{}% 7
\BOOKMARK [0][-]{chapter.12}{\376\377\000I\000N\000T\000R\000O\000D\000U\000C\000T\000I\000O\000N}{}% 8
\BOOKMARK [1][-]{section.13}{\376\377\000B\000a\000c\000k\000g\000r\000o\000u\000n\000d}{chapter.12}% 9
\BOOKMARK [1][-]{section.14}{\376\377\000P\000r\000o\000b\000l\000e\000m\000\040\000S\000t\000a\000t\000e\000m\000e\000n\000t}{chapter.12}% 10
\BOOKMARK [1][-]{section.15}{\376\377\000A\000i\000m\000\040\000a\000n\000d\000\040\000O\000b\000j\000e\000c\000t\000i\000v\000e\000s}{chapter.12}% 11
\BOOKMARK [1][-]{section.21}{\376\377\000T\000o\000o\000l\000s\000\040\000a\000n\000d\000\040\000F\000a\000c\000i\000l\000i\000t\000i\000e\000s\000\040\000U\000s\000e\000d}{chapter.12}% 12
\BOOKMARK [2][-]{subsection.22}{\376\377\000F\000a\000c\000i\000l\000i\000t\000i\000e\000s}{section.21}% 13
\BOOKMARK [2][-]{subsection.26}{\376\377\000S\000o\000f\000t\000w\000a\000r\000e\000\040\000T\000o\000o\000l\000s}{section.21}% 14
\BOOKMARK [1][-]{section.28}{\376\377\000S\000c\000o\000p\000e\000\040\000a\000n\000d\000\040\000D\000e\000l\000i\000m\000i\000t\000a\000t\000i\000o\000n}{chapter.12}% 15
\BOOKMARK [1][-]{section.29}{\376\377\000O\000r\000g\000a\000n\000i\000z\000a\000t\000i\000o\000n\000\040\000o\000f\000\040\000t\000h\000e\000\040\000P\000r\000o\000j\000e\000c\000t\000\040\000R\000e\000p\000o\000r\000t}{chapter.12}% 16
\BOOKMARK [0][-]{chapter.30}{\376\377\000L\000I\000T\000E\000R\000A\000T\000U\000R\000E\000\040\000R\000E\000V\000I\000E\000W}{}% 17
\BOOKMARK [1][-]{section.31}{\376\377\000L\000a\000r\000g\000e\000\040\000L\000a\000n\000g\000u\000a\000g\000e\000\040\000M\000o\000d\000e\000l\000s\000\040\000a\000n\000d\000\040\000H\000a\000l\000l\000u\000c\000i\000n\000a\000t\000i\000o\000n}{chapter.30}% 18
\BOOKMARK [2][-]{subsection.32}{\376\377\000D\000e\000f\000i\000n\000i\000t\000i\000o\000n\000\040\000a\000n\000d\000\040\000S\000t\000r\000u\000c\000t\000u\000r\000a\000l\000\040\000C\000a\000u\000s\000e\000s}{section.31}% 19
\BOOKMARK [2][-]{subsection.33}{\376\377\000T\000h\000e\000\040\000S\000c\000a\000l\000i\000n\000g\000\040\000P\000a\000r\000a\000d\000o\000x}{section.31}% 20
\BOOKMARK [1][-]{section.34}{\376\377\000C\000h\000a\000i\000n\000-\000o\000f\000-\000T\000h\000o\000u\000g\000h\000t\000\040\000a\000n\000d\000\040\000I\000t\000s\000\040\000L\000i\000m\000i\000t\000s}{chapter.30}% 21
\BOOKMARK [2][-]{subsection.35}{\376\377\000C\000h\000a\000i\000n\000-\000o\000f\000-\000T\000h\000o\000u\000g\000h\000t\000\040\000P\000r\000o\000m\000p\000t\000i\000n\000g}{section.34}% 22
\BOOKMARK [2][-]{subsection.36}{\376\377\000S\000e\000l\000f\000-\000C\000o\000n\000s\000i\000s\000t\000e\000n\000c\000y\000\040\000a\000n\000d\000\040\000T\000r\000e\000e\000-\000o\000f\000-\000T\000h\000o\000u\000g\000h\000t}{section.34}% 23
\BOOKMARK [2][-]{subsection.37}{\376\377\000W\000h\000y\000\040\000P\000r\000o\000m\000p\000t\000i\000n\000g\000\040\000C\000a\000n\000n\000o\000t\000\040\000G\000u\000a\000r\000a\000n\000t\000e\000e\000\040\000F\000a\000i\000t\000h\000f\000u\000l\000n\000e\000s\000s}{section.34}% 24
\BOOKMARK [1][-]{section.38}{\376\377\000K\000n\000o\000w\000l\000e\000d\000g\000e\000\040\000G\000r\000a\000p\000h\000s\000\040\000a\000n\000d\000\040\000K\000n\000o\000w\000l\000e\000d\000g\000e\000\040\000G\000r\000a\000p\000h\000\040\000Q\000u\000e\000s\000t\000i\000o\000n\000\040\000A\000n\000s\000w\000e\000r\000i\000n\000g}{chapter.30}% 25
\BOOKMARK [2][-]{subsection.39}{\376\377\000K\000n\000o\000w\000l\000e\000d\000g\000e\000\040\000G\000r\000a\000p\000h\000s}{section.38}% 26
\BOOKMARK [2][-]{subsection.41}{\376\377\000K\000n\000o\000w\000l\000e\000d\000g\000e\000\040\000G\000r\000a\000p\000h\000\040\000Q\000u\000e\000s\000t\000i\000o\000n\000\040\000A\000n\000s\000w\000e\000r\000i\000n\000g}{section.38}% 27
\BOOKMARK [2][-]{subsection.42}{\376\377\000E\000v\000a\000l\000u\000a\000t\000i\000o\000n\000\040\000B\000e\000n\000c\000h\000m\000a\000r\000k\000s}{section.38}% 28
\BOOKMARK [2][-]{subsection.43}{\376\377\000M\000u\000l\000t\000i\000-\000H\000o\000p\000\040\000C\000o\000m\000p\000l\000e\000x\000i\000t\000y}{section.38}% 29
\BOOKMARK [1][-]{section.44}{\376\377\000C\000o\000n\000s\000t\000r\000a\000i\000n\000e\000d\000\040\000D\000e\000c\000o\000d\000i\000n\000g\000\040\000f\000o\000r\000\040\000F\000a\000i\000t\000h\000f\000u\000l\000\040\000T\000e\000x\000t\000\040\000G\000e\000n\000e\000r\000a\000t\000i\000o\000n}{chapter.30}% 30
\BOOKMARK [2][-]{subsection.45}{\376\377\000F\000o\000r\000m\000a\000t\000-\000C\000o\000n\000s\000t\000r\000a\000i\000n\000e\000d\000\040\000D\000e\000c\000o\000d\000i\000n\000g}{section.44}% 31
\BOOKMARK [2][-]{subsection.46}{\376\377\000K\000n\000o\000w\000l\000e\000d\000g\000e\000\040\000G\000r\000a\000p\000h\000-\000C\000o\000n\000s\000t\000r\000a\000i\000n\000e\000d\000\040\000D\000e\000c\000o\000d\000i\000n\000g}{section.44}% 32
\BOOKMARK [2][-]{subsection.47}{\376\377\000B\000e\000a\000m\000\040\000S\000e\000a\000r\000c\000h\000\040\000a\000n\000d\000\040\000T\000r\000i\000e\000-\000B\000a\000s\000e\000d\000\040\000C\000o\000n\000s\000t\000r\000a\000i\000n\000t\000s}{section.44}% 33
\BOOKMARK [1][-]{section.48}{\376\377\000R\000e\000t\000r\000i\000e\000v\000a\000l\000\040\000a\000n\000d\000\040\000S\000o\000f\000t\000\040\000G\000r\000o\000u\000n\000d\000i\000n\000g}{chapter.30}% 34
\BOOKMARK [2][-]{subsection.49}{\376\377\000T\000h\000e\000\040\000S\000t\000r\000u\000c\000t\000u\000r\000a\000l\000\040\000L\000i\000m\000i\000t\000a\000t\000i\000o\000n\000\040\000o\000f\000\040\000S\000o\000f\000t\000\040\000G\000r\000o\000u\000n\000d\000i\000n\000g}{section.48}% 35
\BOOKMARK [1][-]{section.50}{\376\377\000U\000n\000r\000e\000s\000o\000l\000v\000e\000d\000\040\000G\000a\000p\000s}{chapter.30}% 36
\BOOKMARK [0][-]{chapter.51}{\376\377\000M\000E\000T\000H\000O\000D\000O\000L\000O\000G\000Y}{}% 37
\BOOKMARK [1][-]{section.52}{\376\377\000O\000v\000e\000r\000v\000i\000e\000w}{chapter.51}% 38
\BOOKMARK [1][-]{section.53}{\376\377\000F\000o\000r\000m\000a\000l\000\040\000P\000r\000o\000b\000l\000e\000m\000\040\000S\000p\000e\000c\000i\000f\000i\000c\000a\000t\000i\000o\000n}{chapter.51}% 39
\BOOKMARK [2][-]{subsection.54}{\376\377\000C\000o\000r\000e\000\040\000L\000i\000m\000i\000t\000a\000t\000i\000o\000n\000\040\000o\000f\000\040\000E\000x\000i\000s\000t\000i\000n\000g\000\040\000F\000r\000a\000m\000e\000w\000o\000r\000k\000s}{section.53}% 40
\BOOKMARK [2][-]{subsection.56}{\376\377\000T\000h\000e\000\040\000U\000p\000g\000r\000a\000d\000e\000d\000\040\000O\000r\000a\000c\000l\000e\000\040\000S\000p\000e\000c\000i\000f\000i\000c\000a\000t\000i\000o\000n}{section.53}% 41
\BOOKMARK [1][-]{section.63}{\376\377\000S\000y\000s\000t\000e\000m\000\040\000A\000r\000c\000h\000i\000t\000e\000c\000t\000u\000r\000e\000\040\000O\000v\000e\000r\000v\000i\000e\000w}{chapter.51}% 42
\BOOKMARK [1][-]{section.69}{\376\377\000S\000e\000m\000a\000n\000t\000i\000c\000\040\000I\000r\000r\000e\000l\000e\000v\000a\000n\000c\000e\000\040\000R\000a\000t\000i\000o}{chapter.51}% 43
\BOOKMARK [2][-]{subsection.70}{\376\377\000S\000t\000a\000n\000d\000a\000r\000d\000\040\000M\000e\000t\000r\000i\000c\000\040\000D\000e\000f\000i\000c\000i\000e\000n\000c\000i\000e\000s}{section.69}% 44
\BOOKMARK [2][-]{subsection.71}{\376\377\000F\000o\000r\000m\000a\000l\000\040\000D\000e\000f\000i\000n\000i\000t\000i\000o\000n\000\040\000o\000f\000\040\000S\000I\000R}{section.69}% 45
\BOOKMARK [2][-]{subsection.75}{\376\377\000P\000r\000o\000p\000e\000r\000t\000i\000e\000s\000\040\000a\000n\000d\000\040\000I\000n\000t\000e\000r\000p\000r\000e\000t\000a\000t\000i\000o\000n}{section.69}% 46
\BOOKMARK [1][-]{section.76}{\376\377\000S\000y\000m\000b\000o\000l\000i\000c\000\040\000R\000e\000l\000e\000v\000a\000n\000c\000e\000\040\000S\000c\000o\000r\000i\000n\000g\000\040\000M\000e\000c\000h\000a\000n\000i\000s\000m}{chapter.51}% 47
\BOOKMARK [2][-]{subsection.77}{\376\377\000D\000e\000s\000i\000g\000n\000\040\000E\000v\000o\000l\000u\000t\000i\000o\000n}{section.76}% 48
\BOOKMARK [2][-]{subsection.79}{\376\377\000T\000y\000p\000e\000O\000r\000a\000c\000l\000e\000\040\000A\000r\000c\000h\000i\000t\000e\000c\000t\000u\000r\000e}{section.76}% 49
\BOOKMARK [2][-]{subsection.84}{\376\377\000O\000n\000t\000o\000l\000o\000g\000y\000\040\000S\000c\000h\000e\000m\000a\000\040\000a\000n\000d\000\040\000T\000h\000r\000e\000s\000h\000o\000l\000d\000-\000F\000r\000e\000e\000\040\000D\000e\000s\000i\000g\000n}{section.76}% 50
\BOOKMARK [2][-]{subsection.87}{\376\377\000C\000o\000m\000p\000u\000t\000a\000t\000i\000o\000n\000a\000l\000\040\000P\000r\000o\000p\000e\000r\000t\000i\000e\000s}{section.76}% 51
\BOOKMARK [1][-]{section.89}{\376\377\000D\000C\000A\000-\000T\000r\000i\000e\000\040\000v\0001}{chapter.51}% 52
\BOOKMARK [2][-]{subsection.90}{\376\377\000D\000e\000s\000i\000g\000n\000\040\000R\000a\000t\000i\000o\000n\000a\000l\000e}{section.89}% 53
\BOOKMARK [2][-]{subsection.92}{\376\377\000A\000l\000g\000o\000r\000i\000t\000h\000m\000\040\000f\000o\000r\000\040\000D\000C\000A\000-\000T\000r\000i\000e\000\040\000v\0001}{section.89}% 54
\BOOKMARK [2][-]{subsection.94}{\376\377\000C\000o\000m\000p\000l\000e\000x\000i\000t\000y\000\040\000A\000n\000a\000l\000y\000s\000i\000s}{section.89}% 55
\BOOKMARK [2][-]{subsection.95}{\376\377\000F\000a\000i\000t\000h\000f\000u\000l\000n\000e\000s\000s\000\040\000G\000u\000a\000r\000a\000n\000t\000e\000e}{section.89}% 56
\BOOKMARK [1][-]{section.96}{\376\377\000D\000C\000A\000-\000T\000r\000i\000e\000\040\000v\0002\000:\000\040\000S\000t\000e\000p\000-\000W\000i\000s\000e\000\040\000S\000y\000m\000b\000o\000l\000i\000c\000\040\000E\000x\000p\000a\000n\000s\000i\000o\000n}{chapter.51}% 57
\BOOKMARK [2][-]{subsection.97}{\376\377\000D\000e\000s\000i\000g\000n\000\040\000R\000a\000t\000i\000o\000n\000a\000l\000e}{section.96}% 58
\BOOKMARK [2][-]{subsection.99}{\376\377\000A\000l\000g\000o\000r\000i\000t\000h\000m\000\040\000f\000o\000r\000\040\000D\000C\000A\000-\000T\000r\000i\000e\000\040\000v\0002}{section.96}% 59
\BOOKMARK [2][-]{subsection.101}{\376\377\000W\000h\000e\000n\000\040\000v\0002\000\040\000H\000e\000l\000p\000s\000\040\000a\000n\000d\000\040\000W\000h\000e\000n\000\040\000I\000t\000\040\000H\000u\000r\000t\000s}{section.96}% 60
\BOOKMARK [1][-]{section.102}{\376\377\000D\000C\000A\000-\000T\000r\000i\000e\000\040\000v\0003\000:\000\040\000L\000a\000z\000y\000\040\000C\000o\000n\000s\000t\000r\000a\000i\000n\000e\000d\000\040\000D\000e\000c\000o\000d\000i\000n\000g}{chapter.51}% 61
\BOOKMARK [1][-]{section.104}{\376\377\000B\000a\000s\000e\000l\000i\000n\000e\000\040\000S\000y\000s\000t\000e\000m\000s}{chapter.51}% 62
\BOOKMARK [1][-]{section.105}{\376\377\000E\000v\000a\000l\000u\000a\000t\000i\000o\000n\000\040\000P\000r\000o\000t\000o\000c\000o\000l}{chapter.51}% 63
\BOOKMARK [1][-]{section.106}{\376\377\000S\000c\000o\000p\000e\000\040\000B\000o\000u\000n\000d\000a\000r\000i\000e\000s\000\040\000a\000n\000d\000\040\000A\000n\000t\000i\000c\000i\000p\000a\000t\000e\000d\000\040\000L\000i\000m\000i\000t\000a\000t\000i\000o\000n\000s}{chapter.51}% 64
\BOOKMARK [0][-]{chapter.107}{\376\377\000R\000E\000S\000U\000L\000T\000S\000\040\000A\000N\000D\000\040\000D\000I\000S\000C\000U\000S\000S\000I\000O\000N}{}% 65
\BOOKMARK [1][-]{section.108}{\376\377\000I\000n\000t\000r\000o\000d\000u\000c\000t\000i\000o\000n}{chapter.107}% 66
\BOOKMARK [1][-]{section.109}{\376\377\000E\000x\000p\000e\000r\000i\000m\000e\000n\000t\000a\000l\000\040\000S\000e\000t\000u\000p}{chapter.107}% 67
\BOOKMARK [2][-]{subsection.110}{\376\377\000I\000n\000f\000r\000a\000s\000t\000r\000u\000c\000t\000u\000r\000e}{section.109}% 68
\BOOKMARK [2][-]{subsection.111}{\376\377\000G\000e\000n\000e\000r\000a\000t\000i\000o\000n\000\040\000C\000o\000n\000f\000i\000g\000u\000r\000a\000t\000i\000o\000n}{section.109}% 69
\BOOKMARK [2][-]{subsection.113}{\376\377\000D\000a\000t\000a\000s\000e\000t\000s}{section.109}% 70
\BOOKMARK [2][-]{subsection.115}{\376\377\000B\000a\000s\000e\000l\000i\000n\000e\000s}{section.109}% 71
\BOOKMARK [2][-]{subsection.116}{\376\377\000E\000v\000a\000l\000u\000a\000t\000i\000o\000n\000\040\000M\000e\000t\000r\000i\000c\000s}{section.109}% 72
\BOOKMARK [2][-]{subsection.117}{\376\377\000I\000m\000p\000l\000e\000m\000e\000n\000t\000a\000t\000i\000o\000n\000\040\000D\000e\000t\000a\000i\000l\000s}{section.109}% 73
\BOOKMARK [2][-]{subsection.118}{\376\377\000S\000u\000p\000p\000o\000r\000t\000i\000n\000g\000\040\000A\000n\000a\000l\000y\000s\000e\000s}{section.109}% 74
\BOOKMARK [1][-]{section.125}{\376\377\000G\000C\000R\000\040\000R\000e\000p\000r\000o\000d\000u\000c\000t\000i\000o\000n\000\040\000a\000n\000d\000\040\000B\000a\000s\000e\000l\000i\000n\000e\000\040\000C\000o\000m\000p\000a\000r\000i\000s\000o\000n}{chapter.107}% 75
\BOOKMARK [1][-]{section.127}{\376\377\000R\000Q\0001\000:\000\040\000C\000a\000n\000\040\000t\000h\000e\000\040\000T\000y\000p\000e\000O\000r\000a\000c\000l\000e\000\040\000S\000a\000t\000i\000s\000f\000y\000\040\000I\000t\000s\000\040\000D\000e\000s\000i\000g\000n\000\040\000C\000o\000n\000d\000i\000t\000i\000o\000n\000s\000?}{chapter.107}% 76
\BOOKMARK [2][-]{subsection.128}{\376\377\000C\000o\000n\000d\000i\000t\000i\000o\000n\000\040\000F\000:\000\040\000S\000t\000r\000u\000c\000t\000u\000r\000a\000l\000\040\000F\000a\000i\000t\000h\000f\000u\000l\000n\000e\000s\000s}{section.127}% 77
\BOOKMARK [2][-]{subsection.129}{\376\377\000C\000o\000n\000d\000i\000t\000i\000o\000n\000\040\000R\000:\000\040\000S\000e\000m\000a\000n\000t\000i\000c\000\040\000R\000e\000l\000e\000v\000a\000n\000c\000e\000\040\000R\000e\000d\000u\000c\000t\000i\000o\000n}{section.127}% 78
\BOOKMARK [2][-]{subsection.130}{\376\377\000C\000o\000n\000d\000i\000t\000i\000o\000n\000\040\000P\000:\000\040\000R\000e\000c\000a\000l\000l\000\040\000P\000r\000e\000s\000e\000r\000v\000a\000t\000i\000o\000n}{section.127}% 79
\BOOKMARK [2][-]{subsection.132}{\376\377\000R\000Q\0001\000\040\000S\000u\000m\000m\000a\000r\000y}{section.127}% 80
\BOOKMARK [1][-]{section.133}{\376\377\000R\000Q\0002\000:\000\040\000D\000o\000e\000s\000\040\000T\000i\000g\000h\000t\000e\000n\000i\000n\000g\000\040\000t\000h\000e\000\040\000O\000r\000a\000c\000l\000e\000\040\000I\000m\000p\000r\000o\000v\000e\000\040\000A\000n\000s\000w\000e\000r\000\040\000A\000c\000c\000u\000r\000a\000c\000y\000?}{chapter.107}% 81
\BOOKMARK [2][-]{subsection.134}{\376\377\000M\000a\000i\000n\000\040\000R\000e\000s\000u\000l\000t\000s}{section.133}% 82
\BOOKMARK [2][-]{subsection.136}{\376\377\000S\000t\000a\000t\000i\000s\000t\000i\000c\000a\000l\000\040\000S\000i\000g\000n\000i\000f\000i\000c\000a\000n\000c\000e}{section.133}% 83
\BOOKMARK [2][-]{subsection.138}{\376\377\000W\000h\000y\000\040\000t\000h\000e\000\040\000N\000o\000n\000-\000M\000o\000n\000o\000t\000o\000n\000e\000\040\000R\000e\000s\000u\000l\000t\000\040\000O\000c\000c\000u\000r\000s}{section.133}% 84
\BOOKMARK [2][-]{subsection.139}{\376\377\000T\000h\000e\000\040\000T\000y\000p\000e\000-\000I\000n\000f\000e\000r\000e\000n\000c\000e\000\040\000C\000o\000n\000f\000o\000u\000n\000d}{section.133}% 85
\BOOKMARK [1][-]{section.140}{\376\377\000R\000Q\0003\000:\000\040\000D\000o\000e\000s\000\040\000t\000h\000e\000\040\000T\000y\000p\000e\000O\000r\000a\000c\000l\000e\000\040\000A\000d\000d\000\040\000C\000o\000m\000p\000u\000t\000a\000t\000i\000o\000n\000a\000l\000\040\000O\000v\000e\000r\000h\000e\000a\000d\000?}{chapter.107}% 86
\BOOKMARK [1][-]{section.142}{\376\377\000F\000a\000i\000t\000h\000f\000u\000l\000\040\000R\000e\000a\000s\000o\000n\000i\000n\000g\000\040\000A\000n\000a\000l\000y\000s\000i\000s}{chapter.107}% 87
\BOOKMARK [1][-]{section.143}{\376\377\000D\000C\000A\000-\000T\000r\000i\000e\000\040\000v\0003\000:\000\040\000L\000a\000z\000y\000\040\000C\000o\000n\000s\000t\000r\000a\000i\000n\000e\000d\000\040\000D\000e\000c\000o\000d\000i\000n\000g}{chapter.107}% 88
\BOOKMARK [2][-]{subsection.145}{\376\377\000C\000a\000l\000i\000b\000r\000a\000t\000i\000o\000n\000:\000\040\000T\000h\000e\000\040\000L\000a\000z\000y\000\040\000C\000o\000n\000s\000t\000r\000a\000i\000n\000t\000\040\000I\000s\000\040\000F\000a\000i\000t\000h\000f\000u\000l}{section.143}% 89
\BOOKMARK [1][-]{section.146}{\376\377\000C\000a\000s\000e\000\040\000S\000t\000u\000d\000i\000e\000s}{chapter.107}% 90
\BOOKMARK [1][-]{section.148}{\376\377\000G\000e\000n\000e\000r\000a\000l\000i\000z\000a\000b\000i\000l\000i\000t\000y\000\040\000t\000o\000\040\000C\000W\000Q}{chapter.107}% 91
\BOOKMARK [1][-]{section.150}{\376\377\000D\000i\000s\000c\000u\000s\000s\000i\000o\000n\000\040\000a\000n\000d\000\040\000S\000y\000n\000t\000h\000e\000s\000i\000s}{chapter.107}% 92
\BOOKMARK [1][-]{section.152}{\376\377\000D\000C\000A\000-\000T\000r\000i\000e\000\040\000v\0002\000:\000\040\000O\000b\000s\000e\000r\000v\000a\000t\000i\000o\000n\000s}{chapter.107}% 93
\BOOKMARK [0][-]{chapter.153}{\376\377\000C\000O\000N\000C\000L\000U\000S\000I\000O\000N\000\040\000A\000N\000D\000\040\000R\000E\000C\000O\000M\000M\000E\000N\000D\000A\000T\000I\000O\000N\000S}{}% 94
\BOOKMARK [1][-]{section.154}{\376\377\000C\000o\000n\000c\000l\000u\000s\000i\000o\000n}{chapter.153}% 95
\BOOKMARK [1][-]{section.155}{\376\377\000S\000u\000m\000m\000a\000r\000y\000\040\000o\000f\000\040\000F\000i\000n\000d\000i\000n\000g\000s}{chapter.153}% 96
\BOOKMARK [1][-]{section.163}{\376\377\000C\000o\000n\000t\000r\000i\000b\000u\000t\000i\000o\000n\000s}{chapter.153}% 97
\BOOKMARK [1][-]{section.164}{\376\377\000L\000i\000m\000i\000t\000a\000t\000i\000o\000n\000s}{chapter.153}% 98
\BOOKMARK [1][-]{section.165}{\376\377\000F\000u\000t\000u\000r\000e\000\040\000W\000o\000r\000k}{chapter.153}% 99
\BOOKMARK [0][-]{section.165}{\376\377\000R\000E\000F\000E\000R\000E\000N\000C\000E\000S}{}% 100
